---
source: tests/query.rs
expression: rs
---
{
  "view": "assertion",
  "nodes": [
    "act:nav/StartNavigation",
    "assert:nav/RouteReady",
    "assert:search/QueryValid",
    "store:RouteStore",
    "trig:search/Submit",
    "vs:search/QueryText"
  ],
  "edges": [
    {
      "type": "guardedBy",
      "from": "trig:search/Submit",
      "to": "assert:search/QueryValid",
      "polarity": "require"
    },
    {
      "type": "guardedBy",
      "from": "act:nav/StartNavigation",
      "to": "assert:nav/RouteReady",
      "polarity": "require"
    },
    {
      "type": "derivesFrom",
      "from": "assert:search/QueryValid",
      "to": "vs:search/QueryText"
    },
    {
      "type": "derivesFrom",
      "from": "assert:nav/RouteReady",
      "to": "store:RouteStore"
    }
  ]
}
